com/recipe_app/backend/repository/ReviewRepository.class
com/recipe_app/backend/config/SecurityConfig.class
com/recipe_app/backend/service/ReviewService.class
com/recipe_app/backend/service/RecipeService.class
com/recipe_app/backend/entity/Category.class
com/recipe_app/backend/exception/ErrorResponse.class
com/recipe_app/backend/entity/Ingredient.class
com/recipe_app/backend/repository/IngredientRepository.class
com/recipe_app/backend/dto/CategoryDTO.class
com/recipe_app/backend/controller/UserController.class
com/recipe_app/backend/dto/ReviewDTO.class
com/recipe_app/backend/dto/IngredientDTO.class
com/recipe_app/backend/exception/GlobalExceptionHandler.class
com/recipe_app/backend/repository/CategoryRepository.class
com/recipe_app/backend/mapper/CategoryMapper.class
com/recipe_app/backend/controller/IngredientController.class
com/recipe_app/backend/mapper/RecipeMapper.class
com/recipe_app/backend/service/UserService.class
com/recipe_app/backend/dto/RecipeDTO.class
com/recipe_app/backend/entity/User.class
com/recipe_app/backend/mapper/IngredientMapper.class
com/recipe_app/backend/exception/custom/InvalidCredentialsException.class
com/recipe_app/backend/repository/RecipeRepository.class
com/recipe_app/backend/BackendApplication.class
com/recipe_app/backend/mapper/ReviewMapper.class
com/recipe_app/backend/exception/custom/ResourceNotFoundException.class
com/recipe_app/backend/entity/Recipe.class
com/recipe_app/backend/service/IngredientService.class
com/recipe_app/backend/dto/UserDTO.class
com/recipe_app/backend/repository/UserRepository.class
com/recipe_app/backend/controller/RecipeController.class
com/recipe_app/backend/service/CategoryService.class
com/recipe_app/backend/controller/ReviewController.class
com/recipe_app/backend/config/WebConfig.class
com/recipe_app/backend/mapper/UserMapper.class
com/recipe_app/backend/entity/Review.class
com/recipe_app/backend/controller/CategoryController.class
