/Users/sinemdogan/Desktop/Flavor Corner/backend/src/main/java/com/recipe_app/backend/BackendApplication.java
/Users/sinemdogan/Desktop/Flavor Corner/backend/src/main/java/com/recipe_app/backend/config/DatabaseConfig.java
/Users/sinemdogan/Desktop/Flavor Corner/backend/src/main/java/com/recipe_app/backend/config/SecurityConfig.java
/Users/sinemdogan/Desktop/Flavor Corner/backend/src/main/java/com/recipe_app/backend/config/WebConfig.java
/Users/sinemdogan/Desktop/Flavor Corner/backend/src/main/java/com/recipe_app/backend/controller/CategoryController.java
/Users/sinemdogan/Desktop/Flavor Corner/backend/src/main/java/com/recipe_app/backend/controller/IngredientController.java
/Users/sinemdogan/Desktop/Flavor Corner/backend/src/main/java/com/recipe_app/backend/controller/RecipeController.java
/Users/sinemdogan/Desktop/Flavor Corner/backend/src/main/java/com/recipe_app/backend/controller/ReviewController.java
/Users/sinemdogan/Desktop/Flavor Corner/backend/src/main/java/com/recipe_app/backend/controller/UserController.java
/Users/sinemdogan/Desktop/Flavor Corner/backend/src/main/java/com/recipe_app/backend/dto/CategoryDTO.java
/Users/sinemdogan/Desktop/Flavor Corner/backend/src/main/java/com/recipe_app/backend/dto/IngredientDTO.java
/Users/sinemdogan/Desktop/Flavor Corner/backend/src/main/java/com/recipe_app/backend/dto/RecipeDTO.java
/Users/sinemdogan/Desktop/Flavor Corner/backend/src/main/java/com/recipe_app/backend/dto/ReviewDTO.java
/Users/sinemdogan/Desktop/Flavor Corner/backend/src/main/java/com/recipe_app/backend/dto/UserDTO.java
/Users/sinemdogan/Desktop/Flavor Corner/backend/src/main/java/com/recipe_app/backend/entity/Category.java
/Users/sinemdogan/Desktop/Flavor Corner/backend/src/main/java/com/recipe_app/backend/entity/Ingredient.java
/Users/sinemdogan/Desktop/Flavor Corner/backend/src/main/java/com/recipe_app/backend/entity/Recipe.java
/Users/sinemdogan/Desktop/Flavor Corner/backend/src/main/java/com/recipe_app/backend/entity/Review.java
/Users/sinemdogan/Desktop/Flavor Corner/backend/src/main/java/com/recipe_app/backend/entity/User.java
/Users/sinemdogan/Desktop/Flavor Corner/backend/src/main/java/com/recipe_app/backend/exception/ErrorResponse.java
/Users/sinemdogan/Desktop/Flavor Corner/backend/src/main/java/com/recipe_app/backend/exception/GlobalExceptionHandler.java
/Users/sinemdogan/Desktop/Flavor Corner/backend/src/main/java/com/recipe_app/backend/exception/custom/InvalidCredentialsException.java
/Users/sinemdogan/Desktop/Flavor Corner/backend/src/main/java/com/recipe_app/backend/exception/custom/ResourceNotFoundException.java
/Users/sinemdogan/Desktop/Flavor Corner/backend/src/main/java/com/recipe_app/backend/mapper/CategoryMapper.java
/Users/sinemdogan/Desktop/Flavor Corner/backend/src/main/java/com/recipe_app/backend/mapper/IngredientMapper.java
/Users/sinemdogan/Desktop/Flavor Corner/backend/src/main/java/com/recipe_app/backend/mapper/RecipeMapper.java
/Users/sinemdogan/Desktop/Flavor Corner/backend/src/main/java/com/recipe_app/backend/mapper/ReviewMapper.java
/Users/sinemdogan/Desktop/Flavor Corner/backend/src/main/java/com/recipe_app/backend/mapper/UserMapper.java
/Users/sinemdogan/Desktop/Flavor Corner/backend/src/main/java/com/recipe_app/backend/repository/CategoryRepository.java
/Users/sinemdogan/Desktop/Flavor Corner/backend/src/main/java/com/recipe_app/backend/repository/IngredientRepository.java
/Users/sinemdogan/Desktop/Flavor Corner/backend/src/main/java/com/recipe_app/backend/repository/RecipeRepository.java
/Users/sinemdogan/Desktop/Flavor Corner/backend/src/main/java/com/recipe_app/backend/repository/ReviewRepository.java
/Users/sinemdogan/Desktop/Flavor Corner/backend/src/main/java/com/recipe_app/backend/repository/UserRepository.java
/Users/sinemdogan/Desktop/Flavor Corner/backend/src/main/java/com/recipe_app/backend/service/CategoryService.java
/Users/sinemdogan/Desktop/Flavor Corner/backend/src/main/java/com/recipe_app/backend/service/IngredientService.java
/Users/sinemdogan/Desktop/Flavor Corner/backend/src/main/java/com/recipe_app/backend/service/RecipeService.java
/Users/sinemdogan/Desktop/Flavor Corner/backend/src/main/java/com/recipe_app/backend/service/ReviewService.java
/Users/sinemdogan/Desktop/Flavor Corner/backend/src/main/java/com/recipe_app/backend/service/UserService.java
